
> @material/ui@0.0.0 build /Users/devadeboye/myWork/organisations/devadeboye/frontend/material-components/packages/ui
> tsup

CLI Building entry: src/index.ts
CLI Using tsconfig: tsconfig.json
CLI tsup v8.5.1
CLI Using tsup config: /Users/devadeboye/myWork/organisations/devadeboye/frontend/material-components/packages/ui/tsup.config.ts
CLI Target: es2020
CLI Cleaning output folder
CJS Build start
ESM Build start
CJS dist/index.js     76.54 KB
CJS dist/index.js.map 138.20 KB
CJS ⚡️ Build success in 38ms
ESM dist/index.mjs     74.75 KB
ESM dist/index.mjs.map 137.96 KB
ESM ⚡️ Build success in 38ms
DTS Build start
DTS ⚡️ Build success in 992ms
DTS dist/index.d.ts  1003.00 B
DTS dist/index.d.mts 1003.00 B
